<?xml version="1.0" encoding="ISO-8859-1" ?>
<link_info>
   <banner>MSP430 Linker PC v21.6.1.LTS</banner>
   <copyright>Copyright (c) 2003-2018 Texas Instruments Incorporated</copyright>
   <link_time>0x693a3f31</link_time>
   <link_errors>0x0</link_errors>
   <output_file>Project10a.out</output_file>
   <entry_point>
      <name>_c_int00_noargs_mpu</name>
      <address>0x9b00</address>
   </entry_point>
   <input_file_list>
      <input_file id="fl-2">
         <path>.\</path>
         <kind>object</kind>
         <file>Display.obj</file>
         <name>Display.obj</name>
      </input_file>
      <input_file id="fl-3">
         <path>.\</path>
         <kind>object</kind>
         <file>StateMachine.obj</file>
         <name>StateMachine.obj</name>
      </input_file>
      <input_file id="fl-4">
         <path>.\</path>
         <kind>object</kind>
         <file>adc.obj</file>
         <name>adc.obj</name>
      </input_file>
      <input_file id="fl-5">
         <path>.\</path>
         <kind>object</kind>
         <file>clocks.obj</file>
         <name>clocks.obj</name>
      </input_file>
      <input_file id="fl-6">
         <path>.\</path>
         <kind>object</kind>
         <file>init.obj</file>
         <name>init.obj</name>
      </input_file>
      <input_file id="fl-7">
         <path>.\</path>
         <kind>object</kind>
         <file>init_cmds.obj</file>
         <name>init_cmds.obj</name>
      </input_file>
      <input_file id="fl-8">
         <path>.\</path>
         <kind>object</kind>
         <file>led.obj</file>
         <name>led.obj</name>
      </input_file>
      <input_file id="fl-9">
         <path>.\</path>
         <kind>object</kind>
         <file>main.obj</file>
         <name>main.obj</name>
      </input_file>
      <input_file id="fl-a">
         <path>.\</path>
         <kind>object</kind>
         <file>movement_statemachine.obj</file>
         <name>movement_statemachine.obj</name>
      </input_file>
      <input_file id="fl-b">
         <path>.\</path>
         <kind>object</kind>
         <file>ports.obj</file>
         <name>ports.obj</name>
      </input_file>
      <input_file id="fl-c">
         <path>.\</path>
         <kind>object</kind>
         <file>switches.obj</file>
         <name>switches.obj</name>
      </input_file>
      <input_file id="fl-d">
         <path>.\</path>
         <kind>object</kind>
         <file>system.obj</file>
         <name>system.obj</name>
      </input_file>
      <input_file id="fl-e">
         <path>.\</path>
         <kind>object</kind>
         <file>timers.obj</file>
         <name>timers.obj</name>
      </input_file>
      <input_file id="fl-f">
         <path>.\</path>
         <kind>object</kind>
         <file>uart.obj</file>
         <name>uart.obj</name>
      </input_file>
      <input_file id="fl-10">
         <path>.\</path>
         <kind>object</kind>
         <file>wheels.obj</file>
         <name>wheels.obj</name>
      </input_file>
      <input_file id="fl-11">
         <path>..\Compiled\</path>
         <kind>object</kind>
         <file>LCD.obj</file>
         <name>LCD.obj</name>
      </input_file>
      <input_file id="fl-12">
         <path>.\Compiled\</path>
         <kind>object</kind>
         <file>dac.obj</file>
         <name>dac.obj</name>
      </input_file>
      <input_file id="fl-18">
         <kind>object</kind>
         <file>&lt;internal&gt;</file>
         <name>&lt;internal&gt;</name>
      </input_file>
      <input_file id="fl-33">
         <path>C:\ti\ccs1281\ccs\tools\compiler\ti-cgt-msp430_21.6.1.LTS\lib\</path>
         <kind>archive</kind>
         <file>rts430x_lc_sd_eabi.lib</file>
         <name>copy_decompress_lzss.c.obj</name>
      </input_file>
      <input_file id="fl-34">
         <path>C:\ti\ccs1281\ccs\tools\compiler\ti-cgt-msp430_21.6.1.LTS\lib\</path>
         <kind>archive</kind>
         <file>rts430x_lc_sd_eabi.lib</file>
         <name>copy_decompress_none.c.obj</name>
      </input_file>
      <input_file id="fl-35">
         <path>C:\ti\ccs1281\ccs\tools\compiler\ti-cgt-msp430_21.6.1.LTS\lib\</path>
         <kind>archive</kind>
         <file>rts430x_lc_sd_eabi.lib</file>
         <name>int22.asm.obj</name>
      </input_file>
      <input_file id="fl-36">
         <path>C:\ti\ccs1281\ccs\tools\compiler\ti-cgt-msp430_21.6.1.LTS\lib\</path>
         <kind>archive</kind>
         <file>rts430x_lc_sd_eabi.lib</file>
         <name>isr_trap.asm.obj</name>
      </input_file>
      <input_file id="fl-37">
         <path>C:\ti\ccs1281\ccs\tools\compiler\ti-cgt-msp430_21.6.1.LTS\lib\</path>
         <kind>archive</kind>
         <file>rts430x_lc_sd_eabi.lib</file>
         <name>int23.asm.obj</name>
      </input_file>
      <input_file id="fl-38">
         <path>C:\ti\ccs1281\ccs\tools\compiler\ti-cgt-msp430_21.6.1.LTS\lib\</path>
         <kind>archive</kind>
         <file>rts430x_lc_sd_eabi.lib</file>
         <name>int24.asm.obj</name>
      </input_file>
      <input_file id="fl-39">
         <path>C:\ti\ccs1281\ccs\tools\compiler\ti-cgt-msp430_21.6.1.LTS\lib\</path>
         <kind>archive</kind>
         <file>rts430x_lc_sd_eabi.lib</file>
         <name>int25.asm.obj</name>
      </input_file>
      <input_file id="fl-3a">
         <path>C:\ti\ccs1281\ccs\tools\compiler\ti-cgt-msp430_21.6.1.LTS\lib\</path>
         <kind>archive</kind>
         <file>rts430x_lc_sd_eabi.lib</file>
         <name>int27.asm.obj</name>
      </input_file>
      <input_file id="fl-3b">
         <path>C:\ti\ccs1281\ccs\tools\compiler\ti-cgt-msp430_21.6.1.LTS\lib\</path>
         <kind>archive</kind>
         <file>rts430x_lc_sd_eabi.lib</file>
         <name>int28.asm.obj</name>
      </input_file>
      <input_file id="fl-3c">
         <path>C:\ti\ccs1281\ccs\tools\compiler\ti-cgt-msp430_21.6.1.LTS\lib\</path>
         <kind>archive</kind>
         <file>rts430x_lc_sd_eabi.lib</file>
         <name>int30.asm.obj</name>
      </input_file>
      <input_file id="fl-3d">
         <path>C:\ti\ccs1281\ccs\tools\compiler\ti-cgt-msp430_21.6.1.LTS\lib\</path>
         <kind>archive</kind>
         <file>rts430x_lc_sd_eabi.lib</file>
         <name>int31.asm.obj</name>
      </input_file>
      <input_file id="fl-3e">
         <path>C:\ti\ccs1281\ccs\tools\compiler\ti-cgt-msp430_21.6.1.LTS\lib\</path>
         <kind>archive</kind>
         <file>rts430x_lc_sd_eabi.lib</file>
         <name>int34.asm.obj</name>
      </input_file>
      <input_file id="fl-3f">
         <path>C:\ti\ccs1281\ccs\tools\compiler\ti-cgt-msp430_21.6.1.LTS\lib\</path>
         <kind>archive</kind>
         <file>rts430x_lc_sd_eabi.lib</file>
         <name>int35.asm.obj</name>
      </input_file>
      <input_file id="fl-40">
         <path>C:\ti\ccs1281\ccs\tools\compiler\ti-cgt-msp430_21.6.1.LTS\lib\</path>
         <kind>archive</kind>
         <file>rts430x_lc_sd_eabi.lib</file>
         <name>int36.asm.obj</name>
      </input_file>
      <input_file id="fl-41">
         <path>C:\ti\ccs1281\ccs\tools\compiler\ti-cgt-msp430_21.6.1.LTS\lib\</path>
         <kind>archive</kind>
         <file>rts430x_lc_sd_eabi.lib</file>
         <name>int37.asm.obj</name>
      </input_file>
      <input_file id="fl-42">
         <path>C:\ti\ccs1281\ccs\tools\compiler\ti-cgt-msp430_21.6.1.LTS\lib\</path>
         <kind>archive</kind>
         <file>rts430x_lc_sd_eabi.lib</file>
         <name>int38.asm.obj</name>
      </input_file>
      <input_file id="fl-43">
         <path>C:\ti\ccs1281\ccs\tools\compiler\ti-cgt-msp430_21.6.1.LTS\lib\</path>
         <kind>archive</kind>
         <file>rts430x_lc_sd_eabi.lib</file>
         <name>int39.asm.obj</name>
      </input_file>
      <input_file id="fl-44">
         <path>C:\ti\ccs1281\ccs\tools\compiler\ti-cgt-msp430_21.6.1.LTS\lib\</path>
         <kind>archive</kind>
         <file>rts430x_lc_sd_eabi.lib</file>
         <name>int40.asm.obj</name>
      </input_file>
      <input_file id="fl-45">
         <path>C:\ti\ccs1281\ccs\tools\compiler\ti-cgt-msp430_21.6.1.LTS\lib\</path>
         <kind>archive</kind>
         <file>rts430x_lc_sd_eabi.lib</file>
         <name>int41.asm.obj</name>
      </input_file>
      <input_file id="fl-46">
         <path>C:\ti\ccs1281\ccs\tools\compiler\ti-cgt-msp430_21.6.1.LTS\lib\</path>
         <kind>archive</kind>
         <file>rts430x_lc_sd_eabi.lib</file>
         <name>int44.asm.obj</name>
      </input_file>
      <input_file id="fl-47">
         <path>C:\ti\ccs1281\ccs\tools\compiler\ti-cgt-msp430_21.6.1.LTS\lib\</path>
         <kind>archive</kind>
         <file>rts430x_lc_sd_eabi.lib</file>
         <name>int45.asm.obj</name>
      </input_file>
      <input_file id="fl-48">
         <path>C:\ti\ccs1281\ccs\tools\compiler\ti-cgt-msp430_21.6.1.LTS\lib\</path>
         <kind>archive</kind>
         <file>rts430x_lc_sd_eabi.lib</file>
         <name>copy_zero_init.c.obj</name>
      </input_file>
      <input_file id="fl-49">
         <path>C:\ti\ccs1281\ccs\tools\compiler\ti-cgt-msp430_21.6.1.LTS\lib\</path>
         <kind>archive</kind>
         <file>rts430x_lc_sd_eabi.lib</file>
         <name>cpy_util.asm.obj</name>
      </input_file>
      <input_file id="fl-4a">
         <path>C:\ti\ccs1281\ccs\tools\compiler\ti-cgt-msp430_21.6.1.LTS\lib\</path>
         <kind>archive</kind>
         <file>rts430x_lc_sd_eabi.lib</file>
         <name>div16u.asm.obj</name>
      </input_file>
      <input_file id="fl-4b">
         <path>C:\ti\ccs1281\ccs\tools\compiler\ti-cgt-msp430_21.6.1.LTS\lib\</path>
         <kind>archive</kind>
         <file>rts430x_lc_sd_eabi.lib</file>
         <name>mult16.asm.obj</name>
      </input_file>
      <input_file id="fl-4c">
         <path>C:\ti\ccs1281\ccs\tools\compiler\ti-cgt-msp430_21.6.1.LTS\lib\</path>
         <kind>archive</kind>
         <file>rts430x_lc_sd_eabi.lib</file>
         <name>mult16_f5hw.asm.obj</name>
      </input_file>
      <input_file id="fl-4d">
         <path>C:\ti\ccs1281\ccs\tools\compiler\ti-cgt-msp430_21.6.1.LTS\lib\</path>
         <kind>archive</kind>
         <file>rts430x_lc_sd_eabi.lib</file>
         <name>mult32_f5hw.asm.obj</name>
      </input_file>
      <input_file id="fl-4e">
         <path>C:\ti\ccs1281\ccs\tools\compiler\ti-cgt-msp430_21.6.1.LTS\lib\</path>
         <kind>archive</kind>
         <file>rts430x_lc_sd_eabi.lib</file>
         <name>mult64_f5hw.asm.obj</name>
      </input_file>
      <input_file id="fl-4f">
         <path>C:\ti\ccs1281\ccs\tools\compiler\ti-cgt-msp430_21.6.1.LTS\lib\</path>
         <kind>archive</kind>
         <file>rts430x_lc_sd_eabi.lib</file>
         <name>mult1632_f5hw.asm.obj</name>
      </input_file>
      <input_file id="fl-50">
         <path>C:\ti\ccs1281\ccs\tools\compiler\ti-cgt-msp430_21.6.1.LTS\lib\</path>
         <kind>archive</kind>
         <file>rts430x_lc_sd_eabi.lib</file>
         <name>mult3264_f5hw.asm.obj</name>
      </input_file>
      <input_file id="fl-51">
         <path>C:\ti\ccs1281\ccs\tools\compiler\ti-cgt-msp430_21.6.1.LTS\lib\</path>
         <kind>archive</kind>
         <file>rts430x_lc_sd_eabi.lib</file>
         <name>boot.c.obj</name>
      </input_file>
      <input_file id="fl-52">
         <path>C:\ti\ccs1281\ccs\ccs_base\msp430\lib\FR2xx\</path>
         <kind>archive</kind>
         <file>FRWP_INIT_LIB_CCS_msp430_large_code_small_data.lib</file>
         <name>frwp_init.obj</name>
      </input_file>
      <input_file id="fl-53">
         <path>C:\ti\ccs1281\ccs\tools\compiler\ti-cgt-msp430_21.6.1.LTS\lib\</path>
         <kind>archive</kind>
         <file>rts430x_lc_sd_eabi.lib</file>
         <name>args_main.c.obj</name>
      </input_file>
      <input_file id="fl-54">
         <path>C:\ti\ccs1281\ccs\tools\compiler\ti-cgt-msp430_21.6.1.LTS\lib\</path>
         <kind>archive</kind>
         <file>rts430x_lc_sd_eabi.lib</file>
         <name>autoinit.c.obj</name>
      </input_file>
      <input_file id="fl-55">
         <path>C:\ti\ccs1281\ccs\tools\compiler\ti-cgt-msp430_21.6.1.LTS\lib\</path>
         <kind>archive</kind>
         <file>rts430x_lc_sd_eabi.lib</file>
         <name>startup.c.obj</name>
      </input_file>
      <input_file id="fl-56">
         <path>C:\ti\ccs1281\ccs\tools\compiler\ti-cgt-msp430_21.6.1.LTS\lib\</path>
         <kind>archive</kind>
         <file>rts430x_lc_sd_eabi.lib</file>
         <name>pre_init.c.obj</name>
      </input_file>
      <input_file id="fl-57">
         <path>C:\ti\ccs1281\ccs\tools\compiler\ti-cgt-msp430_21.6.1.LTS\lib\</path>
         <kind>archive</kind>
         <file>rts430x_lc_sd_eabi.lib</file>
         <name>cpy_tbl.c.obj</name>
      </input_file>
      <input_file id="fl-58">
         <path>C:\ti\ccs1281\ccs\tools\compiler\ti-cgt-msp430_21.6.1.LTS\lib\</path>
         <kind>archive</kind>
         <file>rts430x_lc_sd_eabi.lib</file>
         <name>exit.c.obj</name>
      </input_file>
      <input_file id="fl-59">
         <path>C:\ti\ccs1281\ccs\tools\compiler\ti-cgt-msp430_21.6.1.LTS\lib\</path>
         <kind>archive</kind>
         <file>rts430x_lc_sd_eabi.lib</file>
         <name>exit_gvars.c.obj</name>
      </input_file>
      <input_file id="fl-5a">
         <path>C:\ti\ccs1281\ccs\tools\compiler\ti-cgt-msp430_21.6.1.LTS\lib\</path>
         <kind>archive</kind>
         <file>rts430x_lc_sd_eabi.lib</file>
         <name>_lock.c.obj</name>
      </input_file>
      <input_file id="fl-5b">
         <path>C:\ti\ccs1281\ccs\tools\compiler\ti-cgt-msp430_21.6.1.LTS\lib\</path>
         <kind>archive</kind>
         <file>rts430x_lc_sd_eabi.lib</file>
         <name>memcpy.c.obj</name>
      </input_file>
      <input_file id="fl-5c">
         <path>C:\ti\ccs1281\ccs\tools\compiler\ti-cgt-msp430_21.6.1.LTS\lib\</path>
         <kind>archive</kind>
         <file>rts430x_lc_sd_eabi.lib</file>
         <name>memset.c.obj</name>
      </input_file>
      <input_file id="fl-5d">
         <path>C:\ti\ccs1281\ccs\tools\compiler\ti-cgt-msp430_21.6.1.LTS\lib\</path>
         <kind>archive</kind>
         <file>rts430x_lc_sd_eabi.lib</file>
         <name>strcpy.c.obj</name>
      </input_file>
   </input_file_list>
   <object_component_list>
      <object_component id="oc-88d">
         <name>__TI_handler_table</name>
         <load_address>0x8000</load_address>
         <run_address>0x8000</run_address>
         <size>0xc</size>
      </object_component>
      <object_component id="oc-890">
         <name>.cinit..data.load</name>
         <load_address>0x800c</load_address>
         <run_address>0x800c</run_address>
         <size>0xb</size>
      </object_component>
      <object_component id="oc-88f">
         <name>.cinit..bss.load</name>
         <load_address>0x8018</load_address>
         <run_address>0x8018</run_address>
         <size>0x6</size>
      </object_component>
      <object_component id="oc-88e">
         <name>__TI_cinit_table</name>
         <load_address>0x801e</load_address>
         <run_address>0x801e</run_address>
         <size>0x10</size>
      </object_component>
      <object_component id="oc-82d">
         <name>.binit</name>
         <load_address>0x802e</load_address>
         <run_address>0x802e</run_address>
         <size>0x0</size>
      </object_component>
      <object_component id="oc-6a0">
         <name>.const:.string</name>
         <load_address>0x802e</load_address>
         <run_address>0x802e</run_address>
         <size>0x120</size>
         <input_file_ref idref="fl-a"/>
      </object_component>
      <object_component id="oc-65f">
         <name>.const:.string</name>
         <load_address>0x814e</load_address>
         <run_address>0x814e</run_address>
         <size>0x48</size>
         <input_file_ref idref="fl-7"/>
      </object_component>
      <object_component id="oc-53d">
         <name>.const:.string</name>
         <load_address>0x8196</load_address>
         <run_address>0x8196</run_address>
         <size>0x48</size>
         <input_file_ref idref="fl-9"/>
      </object_component>
      <object_component id="oc-6b3">
         <name>.text:bld_setup</name>
         <load_address>0x81de</load_address>
         <run_address>0x81de</run_address>
         <size>0x224</size>
         <input_file_ref idref="fl-a"/>
      </object_component>
      <object_component id="oc-6cb">
         <name>.text:black_line_detection</name>
         <load_address>0x8402</load_address>
         <run_address>0x8402</run_address>
         <size>0x1c2</size>
         <input_file_ref idref="fl-a"/>
      </object_component>
      <object_component id="oc-58e">
         <name>.text:cmd_parsing</name>
         <load_address>0x85c4</load_address>
         <run_address>0x85c4</run_address>
         <size>0x182</size>
         <input_file_ref idref="fl-a"/>
      </object_component>
      <object_component id="oc-4d4">
         <name>.text:main</name>
         <load_address>0x8746</load_address>
         <run_address>0x8746</run_address>
         <size>0x15a</size>
         <input_file_ref idref="fl-9"/>
      </object_component>
      <object_component id="oc-66">
         <name>.text:decompress:lzss:__TI_decompress_lzss</name>
         <load_address>0x88a0</load_address>
         <run_address>0x88a0</run_address>
         <size>0xee</size>
         <input_file_ref idref="fl-33"/>
      </object_component>
      <object_component id="oc-51e">
         <name>.text:Init_LCD</name>
         <load_address>0x898e</load_address>
         <run_address>0x898e</run_address>
         <size>0xc4</size>
         <input_file_ref idref="fl-11"/>
      </object_component>
      <object_component id="oc-603">
         <name>.text:Software_Trim</name>
         <load_address>0x8a52</load_address>
         <run_address>0x8a52</run_address>
         <size>0xbe</size>
         <input_file_ref idref="fl-5"/>
      </object_component>
      <object_component id="oc-556">
         <name>.text:read_esp_ip</name>
         <load_address>0x8b10</load_address>
         <run_address>0x8b10</run_address>
         <size>0xb6</size>
         <input_file_ref idref="fl-9"/>
      </object_component>
      <object_component id="oc-5ea">
         <name>.text:Init_Ports_3</name>
         <load_address>0x8bc6</load_address>
         <run_address>0x8bc6</run_address>
         <size>0xb0</size>
         <input_file_ref idref="fl-b"/>
      </object_component>
      <object_component id="oc-5e1">
         <name>.text:Init_Ports_2</name>
         <load_address>0x8c76</load_address>
         <run_address>0x8c76</run_address>
         <size>0x96</size>
         <input_file_ref idref="fl-b"/>
      </object_component>
      <object_component id="oc-578">
         <name>.text:Carlson_StateMachine</name>
         <load_address>0x8d0c</load_address>
         <run_address>0x8d0c</run_address>
         <size>0x8c</size>
         <input_file_ref idref="fl-3"/>
      </object_component>
      <object_component id="oc-5fc">
         <name>.text:Init_Ports_6</name>
         <load_address>0x8d98</load_address>
         <run_address>0x8d98</run_address>
         <size>0x7c</size>
         <input_file_ref idref="fl-b"/>
      </object_component>
      <object_component id="oc-5f0">
         <name>.text:Init_Ports_4</name>
         <load_address>0x8e14</load_address>
         <run_address>0x8e14</run_address>
         <size>0x7a</size>
         <input_file_ref idref="fl-b"/>
      </object_component>
      <object_component id="oc-76d">
         <name>.text:HEXtoBCD</name>
         <load_address>0x8e8e</load_address>
         <run_address>0x8e8e</run_address>
         <size>0x70</size>
         <input_file_ref idref="fl-4"/>
      </object_component>
      <object_component id="oc-524">
         <name>.text:Init_ADC</name>
         <load_address>0x8efe</load_address>
         <run_address>0x8efe</run_address>
         <size>0x6e</size>
         <input_file_ref idref="fl-4"/>
      </object_component>
      <object_component id="oc-530">
         <name>.text:Init_Serial_UCA0</name>
         <load_address>0x8f6c</load_address>
         <run_address>0x8f6c</run_address>
         <size>0x6e</size>
         <input_file_ref idref="fl-f"/>
      </object_component>
      <object_component id="oc-5b9">
         <name>.text:__TI_auto_init_nobinit_nopinit_hold_wdt:__TI_auto_init_nobinit_nopinit_hold_wdt</name>
         <load_address>0x8fda</load_address>
         <run_address>0x8fda</run_address>
         <size>0x6a</size>
         <input_file_ref idref="fl-54"/>
      </object_component>
      <object_component id="oc-50c">
         <name>.text:Init_Clocks</name>
         <load_address>0x9044</load_address>
         <run_address>0x9044</run_address>
         <size>0x68</size>
         <input_file_ref idref="fl-5"/>
      </object_component>
      <object_component id="oc-5db">
         <name>.text:Init_Ports_1</name>
         <load_address>0x90ac</load_address>
         <run_address>0x90ac</run_address>
         <size>0x68</size>
         <input_file_ref idref="fl-b"/>
      </object_component>
      <object_component id="oc-536">
         <name>.text:Init_DAC</name>
         <load_address>0x9114</load_address>
         <run_address>0x9114</run_address>
         <size>0x66</size>
         <input_file_ref idref="fl-12"/>
      </object_component>
      <object_component id="oc-5f6">
         <name>.text:Init_Ports_5</name>
         <load_address>0x917a</load_address>
         <run_address>0x917a</run_address>
         <size>0x62</size>
         <input_file_ref idref="fl-b"/>
      </object_component>
      <object_component id="oc-659">
         <name>.text:wait_for_ip</name>
         <load_address>0x91dc</load_address>
         <run_address>0x91dc</run_address>
         <size>0x54</size>
         <input_file_ref idref="fl-7"/>
      </object_component>
      <object_component id="oc-660">
         <name>.text:wait_for_ok</name>
         <load_address>0x9230</load_address>
         <run_address>0x9230</run_address>
         <size>0x54</size>
         <input_file_ref idref="fl-7"/>
      </object_component>
      <object_component id="oc-512">
         <name>.text:Init_Conditions</name>
         <load_address>0x9284</load_address>
         <run_address>0x9284</run_address>
         <size>0x52</size>
         <input_file_ref idref="fl-6"/>
      </object_component>
      <object_component id="oc-572">
         <name>.text:checking</name>
         <load_address>0x92d6</load_address>
         <run_address>0x92d6</run_address>
         <size>0x50</size>
         <input_file_ref idref="fl-10"/>
      </object_component>
      <object_component id="oc-618">
         <name>.text:Init_Timer_B3</name>
         <load_address>0x9326</load_address>
         <run_address>0x9326</run_address>
         <size>0x4c</size>
         <input_file_ref idref="fl-e"/>
      </object_component>
      <object_component id="oc-52a">
         <name>.text:Init_Serial_UCA1</name>
         <load_address>0x9372</load_address>
         <run_address>0x9372</run_address>
         <size>0x4a</size>
         <input_file_ref idref="fl-f"/>
      </object_component>
      <object_component id="oc-544">
         <name>.text:Display_Update</name>
         <load_address>0x93bc</load_address>
         <run_address>0x93bc</run_address>
         <size>0x44</size>
         <input_file_ref idref="fl-11"/>
      </object_component>
      <object_component id="oc-61f">
         <name>.text:Init_SPI_B1</name>
         <load_address>0x9400</load_address>
         <run_address>0x9400</run_address>
         <size>0x40</size>
         <input_file_ref idref="fl-11"/>
      </object_component>
      <object_component id="oc-42b">
         <name>.text:__memcpy_far</name>
         <load_address>0x9440</load_address>
         <run_address>0x9440</run_address>
         <size>0x40</size>
         <input_file_ref idref="fl-49"/>
      </object_component>
      <object_component id="oc-460">
         <name>.text:decompress:ZI:__TI_zero_init_nomemset:__TI_zero_init_nomemset</name>
         <load_address>0x9480</load_address>
         <run_address>0x9480</run_address>
         <size>0x3e</size>
         <input_file_ref idref="fl-48"/>
      </object_component>
      <object_component id="oc-4e6">
         <name>.text:__mpu_init</name>
         <load_address>0x94be</load_address>
         <run_address>0x94be</run_address>
         <size>0x3c</size>
         <input_file_ref idref="fl-52"/>
      </object_component>
      <object_component id="oc-6c">
         <name>.text:decompress:none:__TI_decompress_none</name>
         <load_address>0x94fa</load_address>
         <run_address>0x94fa</run_address>
         <size>0x3c</size>
         <input_file_ref idref="fl-34"/>
      </object_component>
      <object_component id="oc-773">
         <name>.text:adc_line</name>
         <load_address>0x9536</load_address>
         <run_address>0x9536</run_address>
         <size>0x34</size>
         <input_file_ref idref="fl-4"/>
      </object_component>
      <object_component id="oc-612">
         <name>.text:Init_Timer_B0</name>
         <load_address>0x956a</load_address>
         <run_address>0x956a</run_address>
         <size>0x32</size>
         <input_file_ref idref="fl-e"/>
      </object_component>
      <object_component id="oc-54a">
         <name>.text:startup_cmds</name>
         <load_address>0x959c</load_address>
         <run_address>0x959c</run_address>
         <size>0x2a</size>
         <input_file_ref idref="fl-7"/>
      </object_component>
      <object_component id="oc-747">
         <name>.text:WriteData</name>
         <load_address>0x95c6</load_address>
         <run_address>0x95c6</run_address>
         <size>0x28</size>
         <input_file_ref idref="fl-11"/>
      </object_component>
      <object_component id="oc-637">
         <name>.text:WriteIns</name>
         <load_address>0x95ee</load_address>
         <run_address>0x95ee</run_address>
         <size>0x28</size>
         <input_file_ref idref="fl-11"/>
      </object_component>
      <object_component id="oc-6a1">
         <name>.text:handle_cmd</name>
         <load_address>0x9616</load_address>
         <run_address>0x9616</run_address>
         <size>0x26</size>
         <input_file_ref idref="fl-a"/>
      </object_component>
      <object_component id="oc-57e">
         <name>.text:Display_Process</name>
         <load_address>0x963c</load_address>
         <run_address>0x963c</run_address>
         <size>0x22</size>
         <input_file_ref idref="fl-2"/>
      </object_component>
      <object_component id="oc-506">
         <name>.text:Init_Ports</name>
         <load_address>0x965e</load_address>
         <run_address>0x965e</run_address>
         <size>0x1e</size>
         <input_file_ref idref="fl-b"/>
      </object_component>
      <object_component id="oc-6c5">
         <name>.text:forward_moving</name>
         <load_address>0x967c</load_address>
         <run_address>0x967c</run_address>
         <size>0x1e</size>
         <input_file_ref idref="fl-a"/>
      </object_component>
      <object_component id="oc-695">
         <name>.text:lcd_BIG_bot</name>
         <load_address>0x969a</load_address>
         <run_address>0x969a</run_address>
         <size>0x1e</size>
         <input_file_ref idref="fl-11"/>
      </object_component>
      <object_component id="oc-68e">
         <name>.text:lcd_BIG_mid</name>
         <load_address>0x96b8</load_address>
         <run_address>0x96b8</run_address>
         <size>0x1e</size>
         <input_file_ref idref="fl-11"/>
      </object_component>
      <object_component id="oc-6bf">
         <name>.text:ninty_deg_turning_L</name>
         <load_address>0x96d6</load_address>
         <run_address>0x96d6</run_address>
         <size>0x1e</size>
         <input_file_ref idref="fl-a"/>
      </object_component>
      <object_component id="oc-6b9">
         <name>.text:ninty_deg_turning_R</name>
         <load_address>0x96f4</load_address>
         <run_address>0x96f4</run_address>
         <size>0x1e</size>
         <input_file_ref idref="fl-a"/>
      </object_component>
      <object_component id="oc-6d1">
         <name>.text:reverse_moving</name>
         <load_address>0x9712</load_address>
         <run_address>0x9712</run_address>
         <size>0x1e</size>
         <input_file_ref idref="fl-a"/>
      </object_component>
      <object_component id="oc-724">
         <name>.text:SPI_B1_write</name>
         <load_address>0x9730</load_address>
         <run_address>0x9730</run_address>
         <size>0x1c</size>
         <input_file_ref idref="fl-11"/>
      </object_component>
      <object_component id="oc-652">
         <name>.text:lcd_out</name>
         <load_address>0x974c</load_address>
         <run_address>0x974c</run_address>
         <size>0x1c</size>
         <input_file_ref idref="fl-11"/>
      </object_component>
      <object_component id="oc-72b">
         <name>.text:ClrDisplay_Buffer_0</name>
         <load_address>0x9768</load_address>
         <run_address>0x9768</run_address>
         <size>0x18</size>
         <input_file_ref idref="fl-11"/>
      </object_component>
      <object_component id="oc-731">
         <name>.text:ClrDisplay_Buffer_1</name>
         <load_address>0x9780</load_address>
         <run_address>0x9780</run_address>
         <size>0x18</size>
         <input_file_ref idref="fl-11"/>
      </object_component>
      <object_component id="oc-737">
         <name>.text:ClrDisplay_Buffer_2</name>
         <load_address>0x9798</load_address>
         <run_address>0x9798</run_address>
         <size>0x18</size>
         <input_file_ref idref="fl-11"/>
      </object_component>
      <object_component id="oc-73d">
         <name>.text:ClrDisplay_Buffer_3</name>
         <load_address>0x97b0</load_address>
         <run_address>0x97b0</run_address>
         <size>0x18</size>
         <input_file_ref idref="fl-11"/>
      </object_component>
      <object_component id="oc-7d9">
         <name>.text</name>
         <load_address>0x97c8</load_address>
         <run_address>0x97c8</run_address>
         <size>0x18</size>
         <input_file_ref idref="fl-4c"/>
      </object_component>
      <object_component id="oc-63d">
         <name>.text:ClrDisplay</name>
         <load_address>0x97e0</load_address>
         <run_address>0x97e0</run_address>
         <size>0x16</size>
         <input_file_ref idref="fl-11"/>
      </object_component>
      <object_component id="oc-767">
         <name>.text:Forward_Move_ARC</name>
         <load_address>0x97f6</load_address>
         <run_address>0x97f6</run_address>
         <size>0x16</size>
         <input_file_ref idref="fl-10"/>
      </object_component>
      <object_component id="oc-7b0">
         <name>.text:Forward_Move_BLD</name>
         <load_address>0x980c</load_address>
         <run_address>0x980c</run_address>
         <size>0x16</size>
         <input_file_ref idref="fl-10"/>
      </object_component>
      <object_component id="oc-759">
         <name>.text:clockwiser_left</name>
         <load_address>0x9822</load_address>
         <run_address>0x9822</run_address>
         <size>0x16</size>
         <input_file_ref idref="fl-10"/>
      </object_component>
      <object_component id="oc-760">
         <name>.text:clockwiser_right</name>
         <load_address>0x9838</load_address>
         <run_address>0x9838</run_address>
         <size>0x16</size>
         <input_file_ref idref="fl-10"/>
      </object_component>
      <object_component id="oc-66e">
         <name>.text</name>
         <load_address>0x984e</load_address>
         <run_address>0x984e</run_address>
         <size>0x16</size>
         <input_file_ref idref="fl-4a"/>
      </object_component>
      <object_component id="oc-62b">
         <name>.text:spi_chipselect_idle</name>
         <load_address>0x9864</load_address>
         <run_address>0x9864</run_address>
         <size>0x16</size>
         <input_file_ref idref="fl-11"/>
      </object_component>
      <object_component id="oc-550">
         <name>.text:uart0_puts</name>
         <load_address>0x987a</load_address>
         <run_address>0x987a</run_address>
         <size>0x16</size>
         <input_file_ref idref="fl-f"/>
      </object_component>
      <object_component id="oc-6a7">
         <name>.text:fifteen_deg_turning_L</name>
         <load_address>0x9890</load_address>
         <run_address>0x9890</run_address>
         <size>0x14</size>
         <input_file_ref idref="fl-a"/>
      </object_component>
      <object_component id="oc-6ad">
         <name>.text:fifteen_deg_turning_R</name>
         <load_address>0x98a4</load_address>
         <run_address>0x98a4</run_address>
         <size>0x14</size>
         <input_file_ref idref="fl-a"/>
      </object_component>
      <object_component id="oc-668">
         <name>.text:memset</name>
         <load_address>0x98b8</load_address>
         <run_address>0x98b8</run_address>
         <size>0x14</size>
         <input_file_ref idref="fl-5c"/>
      </object_component>
      <object_component id="oc-71e">
         <name>.text:spi_chipselect_active</name>
         <load_address>0x98cc</load_address>
         <run_address>0x98cc</run_address>
         <size>0x12</size>
         <input_file_ref idref="fl-11"/>
      </object_component>
      <object_component id="oc-56c">
         <name>.text:stop_all</name>
         <load_address>0x98de</load_address>
         <run_address>0x98de</run_address>
         <size>0x12</size>
         <input_file_ref idref="fl-10"/>
      </object_component>
      <object_component id="oc-53e">
         <name>.text:strcpy</name>
         <load_address>0x98f0</load_address>
         <run_address>0x98f0</run_address>
         <size>0x10</size>
         <input_file_ref idref="fl-5d"/>
      </object_component>
      <object_component id="oc-643">
         <name>.text:DisplayOnOff</name>
         <load_address>0x9900</load_address>
         <run_address>0x9900</run_address>
         <size>0xe</size>
         <input_file_ref idref="fl-11"/>
      </object_component>
      <object_component id="oc-688">
         <name>.text:Init_LEDs</name>
         <load_address>0x990e</load_address>
         <run_address>0x990e</run_address>
         <size>0xc</size>
         <input_file_ref idref="fl-8"/>
      </object_component>
      <object_component id="oc-80a">
         <name>.text:Left_Forward</name>
         <load_address>0x991a</load_address>
         <run_address>0x991a</run_address>
         <size>0xc</size>
         <input_file_ref idref="fl-10"/>
      </object_component>
      <object_component id="oc-798">
         <name>.text:Left_Forward_BLD</name>
         <load_address>0x9926</load_address>
         <run_address>0x9926</run_address>
         <size>0xc</size>
         <input_file_ref idref="fl-10"/>
      </object_component>
      <object_component id="oc-77f">
         <name>.text:Left_Reverse</name>
         <load_address>0x9932</load_address>
         <run_address>0x9932</run_address>
         <size>0xc</size>
         <input_file_ref idref="fl-10"/>
      </object_component>
      <object_component id="oc-785">
         <name>.text:Right_Forward</name>
         <load_address>0x993e</load_address>
         <run_address>0x993e</run_address>
         <size>0xc</size>
         <input_file_ref idref="fl-10"/>
      </object_component>
      <object_component id="oc-7a4">
         <name>.text:Right_Forward_BLD</name>
         <load_address>0x994a</load_address>
         <run_address>0x994a</run_address>
         <size>0xc</size>
         <input_file_ref idref="fl-10"/>
      </object_component>
      <object_component id="oc-801">
         <name>.text:Right_Reverse</name>
         <load_address>0x9956</load_address>
         <run_address>0x9956</run_address>
         <size>0xc</size>
         <input_file_ref idref="fl-10"/>
      </object_component>
      <object_component id="oc-78e">
         <name>.text:Forward_Move</name>
         <load_address>0x9962</load_address>
         <run_address>0x9962</run_address>
         <size>0xa</size>
         <input_file_ref idref="fl-10"/>
      </object_component>
      <object_component id="oc-518">
         <name>.text:Init_Timers</name>
         <load_address>0x996c</load_address>
         <run_address>0x996c</run_address>
         <size>0xa</size>
         <input_file_ref idref="fl-e"/>
      </object_component>
      <object_component id="oc-7aa">
         <name>.text:Left_Off</name>
         <load_address>0x9976</load_address>
         <run_address>0x9976</run_address>
         <size>0xa</size>
         <input_file_ref idref="fl-10"/>
      </object_component>
      <object_component id="oc-779">
         <name>.text:Reverse_Move</name>
         <load_address>0x9980</load_address>
         <run_address>0x9980</run_address>
         <size>0xa</size>
         <input_file_ref idref="fl-10"/>
      </object_component>
      <object_component id="oc-79e">
         <name>.text:Right_Off</name>
         <load_address>0x998a</load_address>
         <run_address>0x998a</run_address>
         <size>0xa</size>
         <input_file_ref idref="fl-10"/>
      </object_component>
      <object_component id="oc-588">
         <name>.text:ping_google</name>
         <load_address>0x9994</load_address>
         <run_address>0x9994</run_address>
         <size>0xa</size>
         <input_file_ref idref="fl-7"/>
      </object_component>
      <object_component id="oc-60b">
         <name>.text:enable_interrupts</name>
         <load_address>0x999e</load_address>
         <run_address>0x999e</run_address>
         <size>0x8</size>
         <input_file_ref idref="fl-d"/>
      </object_component>
      <object_component id="oc-595">
         <name>.text:abort</name>
         <load_address>0x99a6</load_address>
         <run_address>0x99a6</run_address>
         <size>0x6</size>
         <input_file_ref idref="fl-58"/>
      </object_component>
      <object_component id="oc-631">
         <name>.text:spi_reset_active</name>
         <load_address>0x99ac</load_address>
         <run_address>0x99ac</run_address>
         <size>0x6</size>
         <input_file_ref idref="fl-11"/>
      </object_component>
      <object_component id="oc-625">
         <name>.text:spi_reset_idle</name>
         <load_address>0x99b2</load_address>
         <run_address>0x99b2</run_address>
         <size>0x6</size>
         <input_file_ref idref="fl-11"/>
      </object_component>
      <object_component id="oc-4ce">
         <name>.text:_system_pre_init</name>
         <load_address>0x99b8</load_address>
         <run_address>0x99b8</run_address>
         <size>0x4</size>
         <input_file_ref idref="fl-56"/>
      </object_component>
      <object_component id="oc-4c0">
         <name>.text:Switches_Process</name>
         <load_address>0x99bc</load_address>
         <run_address>0x99bc</run_address>
         <size>0x2</size>
         <input_file_ref idref="fl-c"/>
      </object_component>
      <object_component id="oc-6ea">
         <name>.text:_system_post_cinit</name>
         <load_address>0x99be</load_address>
         <run_address>0x99be</run_address>
         <size>0x2</size>
         <input_file_ref idref="fl-55"/>
      </object_component>
      <object_component id="oc-442">
         <name>.text:_isr:ADC_ISR</name>
         <load_address>0x99c0</load_address>
         <run_address>0x99c0</run_address>
         <size>0x74</size>
         <input_file_ref idref="fl-e"/>
      </object_component>
      <object_component id="oc-454">
         <name>.text:_isr:TIMER0_B1_ISR</name>
         <load_address>0x9a34</load_address>
         <run_address>0x9a34</run_address>
         <size>0x64</size>
         <input_file_ref idref="fl-e"/>
      </object_component>
      <object_component id="oc-44e">
         <name>.text:_isr:eUSCI_A0_ISR</name>
         <load_address>0x9a98</load_address>
         <run_address>0x9a98</run_address>
         <size>0x36</size>
         <input_file_ref idref="fl-f"/>
      </object_component>
      <object_component id="oc-45a">
         <name>.text:_isr:Timer0_B0_ISR</name>
         <load_address>0x9ace</load_address>
         <run_address>0x9ace</run_address>
         <size>0x32</size>
         <input_file_ref idref="fl-e"/>
      </object_component>
      <object_component id="oc-48a">
         <name>.text:_isr:_c_int00_noargs_mpu</name>
         <load_address>0x9b00</load_address>
         <run_address>0x9b00</run_address>
         <size>0x20</size>
         <input_file_ref idref="fl-51"/>
      </object_component>
      <object_component id="oc-448">
         <name>.text:_isr:eUSCI_A1_ISR</name>
         <load_address>0x9b20</load_address>
         <run_address>0x9b20</run_address>
         <size>0x18</size>
         <input_file_ref idref="fl-f"/>
      </object_component>
      <object_component id="oc-43c">
         <name>.text:_isr:SAC3_ISR</name>
         <load_address>0x9b38</load_address>
         <run_address>0x9b38</run_address>
         <size>0xa</size>
         <input_file_ref idref="fl-12"/>
      </object_component>
      <object_component id="oc-437">
         <name>.text:_isr:__TI_ISR_TRAP</name>
         <load_address>0x9b42</load_address>
         <run_address>0x9b42</run_address>
         <size>0x8</size>
         <input_file_ref idref="fl-36"/>
      </object_component>
      <object_component id="oc-560">
         <name>.common:wheel_move</name>
         <uninitialized>true</uninitialized>
         <run_address>0x2072</run_address>
         <size>0x2</size>
      </object_component>
      <object_component id="oc-56b">
         <name>.common:forward</name>
         <uninitialized>true</uninitialized>
         <run_address>0x2076</run_address>
         <size>0x1</size>
      </object_component>
      <object_component id="oc-7fc">
         <name>.common:adc_char</name>
         <uninitialized>true</uninitialized>
         <run_address>0x2060</run_address>
         <size>0x4</size>
      </object_component>
      <object_component id="oc-55c">
         <name>.common:esp_ip_one</name>
         <uninitialized>true</uninitialized>
         <run_address>0x2044</run_address>
         <size>0xa</size>
      </object_component>
      <object_component id="oc-55f">
         <name>.common:esp_ip_two</name>
         <uninitialized>true</uninitialized>
         <run_address>0x204e</run_address>
         <size>0xa</size>
      </object_component>
      <object_component id="oc-584">
         <name>.common:Last_Time_Sequence</name>
         <uninitialized>true</uninitialized>
         <run_address>0x206c</run_address>
         <size>0x2</size>
      </object_component>
      <object_component id="oc-687">
         <name>.common:one_time</name>
         <uninitialized>true</uninitialized>
         <run_address>0x2079</run_address>
         <size>0x1</size>
      </object_component>
      <object_component id="oc-4af">
         <name>.common:ADC_Left_Detect</name>
         <uninitialized>true</uninitialized>
         <run_address>0x2064</run_address>
         <size>0x2</size>
      </object_component>
      <object_component id="oc-4ae">
         <name>.common:ADC_Right_Detect</name>
         <uninitialized>true</uninitialized>
         <run_address>0x2066</run_address>
         <size>0x2</size>
      </object_component>
      <object_component id="oc-4ab">
         <name>.common:ADC_Thumb_Wheel</name>
         <uninitialized>true</uninitialized>
         <run_address>0x2068</run_address>
         <size>0x2</size>
      </object_component>
      <object_component id="oc-4bb">
         <name>.common:elapsed_time_ticks</name>
         <uninitialized>true</uninitialized>
         <run_address>0x206e</run_address>
         <size>0x2</size>
      </object_component>
      <object_component id="oc-4bc">
         <name>.common:ping_timer_ticks</name>
         <uninitialized>true</uninitialized>
         <run_address>0x2070</run_address>
         <size>0x2</size>
      </object_component>
      <object_component id="oc-4b5">
         <name>.common:iot_rx_buffer</name>
         <uninitialized>true</uninitialized>
         <run_address>0x202c</run_address>
         <size>0xc</size>
      </object_component>
      <object_component id="oc-64c">
         <name>.common:iot_tx_buffer</name>
         <uninitialized>true</uninitialized>
         <run_address>0x2038</run_address>
         <size>0xc</size>
      </object_component>
      <object_component id="oc-64d">
         <name>.common:iot_rx_rd</name>
         <uninitialized>true</uninitialized>
         <run_address>0x2077</run_address>
         <size>0x1</size>
      </object_component>
      <object_component id="oc-4b2">
         <name>.common:iot_rx_wr</name>
         <uninitialized>true</uninitialized>
         <run_address>0x2078</run_address>
         <size>0x1</size>
      </object_component>
      <object_component id="oc-7ee">
         <name>.common:current_character</name>
         <uninitialized>true</uninitialized>
         <run_address>0x2074</run_address>
         <size>0x1</size>
      </object_component>
      <object_component id="oc-4bd">
         <name>.common:update_display</name>
         <uninitialized>true</uninitialized>
         <run_address>0x207a</run_address>
         <size>0x1</size>
      </object_component>
      <object_component id="oc-694">
         <name>.common:display_changed</name>
         <uninitialized>true</uninitialized>
         <run_address>0x2075</run_address>
         <size>0x1</size>
      </object_component>
      <object_component id="oc-53c">
         <name>.common:display_line</name>
         <uninitialized>true</uninitialized>
         <run_address>0x2000</run_address>
         <size>0x2c</size>
      </object_component>
      <object_component id="oc-60a">
         <name>.common:display</name>
         <uninitialized>true</uninitialized>
         <run_address>0x2058</run_address>
         <size>0x8</size>
      </object_component>
      <object_component id="oc-4b7">
         <name>.common:DAC_data</name>
         <uninitialized>true</uninitialized>
         <run_address>0x206a</run_address>
         <size>0x2</size>
      </object_component>
      <object_component id="oc-585">
         <name>.data</name>
         <load_address>0x2092</load_address>
         <run_address>0x2092</run_address>
         <size>0x6</size>
         <input_file_ref idref="fl-9"/>
      </object_component>
      <object_component id="oc-795">
         <name>.data</name>
         <load_address>0x2087</load_address>
         <run_address>0x2087</run_address>
         <size>0x1</size>
         <input_file_ref idref="fl-a"/>
      </object_component>
      <object_component id="oc-5e7">
         <name>.data</name>
         <load_address>0x207c</load_address>
         <run_address>0x207c</run_address>
         <size>0xb</size>
         <input_file_ref idref="fl-c"/>
      </object_component>
      <object_component id="oc-4a8">
         <name>.data</name>
         <load_address>0x2088</load_address>
         <run_address>0x2088</run_address>
         <size>0xa</size>
         <input_file_ref idref="fl-e"/>
      </object_component>
      <object_component id="oc-41c">
         <name>.stack</name>
         <uninitialized>true</uninitialized>
         <run_address>0x2f60</run_address>
         <size>0x2</size>
         <input_file_ref idref="fl-51"/>
      </object_component>
      <object_component id="oc-891">
         <name>.stack</name>
         <uninitialized>true</uninitialized>
         <run_address>0x2f60</run_address>
         <size>0x0</size>
      </object_component>
      <object_component id="oc-72">
         <name>.int22</name>
         <load_address>0xffce</load_address>
         <run_address>0xffce</run_address>
         <size>0x2</size>
         <input_file_ref idref="fl-35"/>
      </object_component>
      <object_component id="oc-73">
         <name>.int23</name>
         <load_address>0xffd0</load_address>
         <run_address>0xffd0</run_address>
         <size>0x2</size>
         <input_file_ref idref="fl-37"/>
      </object_component>
      <object_component id="oc-74">
         <name>.int24</name>
         <load_address>0xffd2</load_address>
         <run_address>0xffd2</run_address>
         <size>0x2</size>
         <input_file_ref idref="fl-38"/>
      </object_component>
      <object_component id="oc-75">
         <name>.int25</name>
         <load_address>0xffd4</load_address>
         <run_address>0xffd4</run_address>
         <size>0x2</size>
         <input_file_ref idref="fl-39"/>
      </object_component>
      <object_component id="oc-76">
         <name>.int26</name>
         <load_address>0xffd6</load_address>
         <run_address>0xffd6</run_address>
         <size>0x2</size>
         <input_file_ref idref="fl-12"/>
      </object_component>
      <object_component id="oc-77">
         <name>.int27</name>
         <load_address>0xffd8</load_address>
         <run_address>0xffd8</run_address>
         <size>0x2</size>
         <input_file_ref idref="fl-3a"/>
      </object_component>
      <object_component id="oc-78">
         <name>.int28</name>
         <load_address>0xffda</load_address>
         <run_address>0xffda</run_address>
         <size>0x2</size>
         <input_file_ref idref="fl-3b"/>
      </object_component>
      <object_component id="oc-79">
         <name>.int29</name>
         <load_address>0xffdc</load_address>
         <run_address>0xffdc</run_address>
         <size>0x2</size>
         <input_file_ref idref="fl-e"/>
      </object_component>
      <object_component id="oc-7a">
         <name>.int30</name>
         <load_address>0xffde</load_address>
         <run_address>0xffde</run_address>
         <size>0x2</size>
         <input_file_ref idref="fl-3c"/>
      </object_component>
      <object_component id="oc-7b">
         <name>.int31</name>
         <load_address>0xffe0</load_address>
         <run_address>0xffe0</run_address>
         <size>0x2</size>
         <input_file_ref idref="fl-3d"/>
      </object_component>
      <object_component id="oc-7c">
         <name>.int32</name>
         <load_address>0xffe2</load_address>
         <run_address>0xffe2</run_address>
         <size>0x2</size>
         <input_file_ref idref="fl-f"/>
      </object_component>
      <object_component id="oc-7d">
         <name>.int33</name>
         <load_address>0xffe4</load_address>
         <run_address>0xffe4</run_address>
         <size>0x2</size>
         <input_file_ref idref="fl-f"/>
      </object_component>
      <object_component id="oc-7e">
         <name>.int34</name>
         <load_address>0xffe6</load_address>
         <run_address>0xffe6</run_address>
         <size>0x2</size>
         <input_file_ref idref="fl-3e"/>
      </object_component>
      <object_component id="oc-7f">
         <name>.int35</name>
         <load_address>0xffe8</load_address>
         <run_address>0xffe8</run_address>
         <size>0x2</size>
         <input_file_ref idref="fl-3f"/>
      </object_component>
      <object_component id="oc-80">
         <name>.int36</name>
         <load_address>0xffea</load_address>
         <run_address>0xffea</run_address>
         <size>0x2</size>
         <input_file_ref idref="fl-40"/>
      </object_component>
      <object_component id="oc-81">
         <name>.int37</name>
         <load_address>0xffec</load_address>
         <run_address>0xffec</run_address>
         <size>0x2</size>
         <input_file_ref idref="fl-41"/>
      </object_component>
      <object_component id="oc-82">
         <name>.int38</name>
         <load_address>0xffee</load_address>
         <run_address>0xffee</run_address>
         <size>0x2</size>
         <input_file_ref idref="fl-42"/>
      </object_component>
      <object_component id="oc-83">
         <name>.int39</name>
         <load_address>0xfff0</load_address>
         <run_address>0xfff0</run_address>
         <size>0x2</size>
         <input_file_ref idref="fl-43"/>
      </object_component>
      <object_component id="oc-84">
         <name>.int40</name>
         <load_address>0xfff2</load_address>
         <run_address>0xfff2</run_address>
         <size>0x2</size>
         <input_file_ref idref="fl-44"/>
      </object_component>
      <object_component id="oc-85">
         <name>.int41</name>
         <load_address>0xfff4</load_address>
         <run_address>0xfff4</run_address>
         <size>0x2</size>
         <input_file_ref idref="fl-45"/>
      </object_component>
      <object_component id="oc-86">
         <name>.int42</name>
         <load_address>0xfff6</load_address>
         <run_address>0xfff6</run_address>
         <size>0x2</size>
         <input_file_ref idref="fl-e"/>
      </object_component>
      <object_component id="oc-87">
         <name>.int43</name>
         <load_address>0xfff8</load_address>
         <run_address>0xfff8</run_address>
         <size>0x2</size>
         <input_file_ref idref="fl-e"/>
      </object_component>
      <object_component id="oc-88">
         <name>.int44</name>
         <load_address>0xfffa</load_address>
         <run_address>0xfffa</run_address>
         <size>0x2</size>
         <input_file_ref idref="fl-46"/>
      </object_component>
      <object_component id="oc-89">
         <name>.int45</name>
         <load_address>0xfffc</load_address>
         <run_address>0xfffc</run_address>
         <size>0x2</size>
         <input_file_ref idref="fl-47"/>
      </object_component>
      <object_component id="oc-41f">
         <name>.reset</name>
         <load_address>0xfffe</load_address>
         <run_address>0xfffe</run_address>
         <size>0x2</size>
         <input_file_ref idref="fl-51"/>
      </object_component>
      <object_component id="oc-561">
         <name>.debug_info</name>
         <load_address>0x0</load_address>
         <run_address>0x0</run_address>
         <size>0x34d</size>
         <input_file_ref idref="fl-2"/>
      </object_component>
      <object_component id="oc-582">
         <name>.debug_info</name>
         <load_address>0x34d</load_address>
         <run_address>0x34d</run_address>
         <size>0x128</size>
         <input_file_ref idref="fl-2"/>
      </object_component>
      <object_component id="oc-426">
         <name>.debug_info</name>
         <load_address>0x475</load_address>
         <run_address>0x475</run_address>
         <size>0x84</size>
         <input_file_ref idref="fl-2"/>
      </object_component>
      <object_component id="oc-563">
         <name>.debug_info</name>
         <load_address>0x4f9</load_address>
         <run_address>0x4f9</run_address>
         <size>0x341</size>
         <input_file_ref idref="fl-3"/>
      </object_component>
      <object_component id="oc-579">
         <name>.debug_info</name>
         <load_address>0x83a</load_address>
         <run_address>0x83a</run_address>
         <size>0x160</size>
         <input_file_ref idref="fl-3"/>
      </object_component>
      <object_component id="oc-7fd">
         <name>.debug_info</name>
         <load_address>0x99a</load_address>
         <run_address>0x99a</run_address>
         <size>0x2f0</size>
         <input_file_ref idref="fl-4"/>
      </object_component>
      <object_component id="oc-776">
         <name>.debug_info</name>
         <load_address>0xc8a</load_address>
         <run_address>0xc8a</run_address>
         <size>0x187</size>
         <input_file_ref idref="fl-4"/>
      </object_component>
      <object_component id="oc-526">
         <name>.debug_info</name>
         <load_address>0xe11</load_address>
         <run_address>0xe11</run_address>
         <size>0xf9</size>
         <input_file_ref idref="fl-4"/>
      </object_component>
      <object_component id="oc-770">
         <name>.debug_info</name>
         <load_address>0xf0a</load_address>
         <run_address>0xf0a</run_address>
         <size>0x14d</size>
         <input_file_ref idref="fl-4"/>
      </object_component>
      <object_component id="oc-606">
         <name>.debug_info</name>
         <load_address>0x1057</load_address>
         <run_address>0x1057</run_address>
         <size>0x22c</size>
         <input_file_ref idref="fl-5"/>
      </object_component>
      <object_component id="oc-510">
         <name>.debug_info</name>
         <load_address>0x1283</load_address>
         <run_address>0x1283</run_address>
         <size>0x11c</size>
         <input_file_ref idref="fl-5"/>
      </object_component>
      <object_component id="oc-565">
         <name>.debug_info</name>
         <load_address>0x139f</load_address>
         <run_address>0x139f</run_address>
         <size>0x306</size>
         <input_file_ref idref="fl-6"/>
      </object_component>
      <object_component id="oc-513">
         <name>.debug_info</name>
         <load_address>0x16a5</load_address>
         <run_address>0x16a5</run_address>
         <size>0x12d</size>
         <input_file_ref idref="fl-6"/>
      </object_component>
      <object_component id="oc-5d9">
         <name>.debug_info</name>
         <load_address>0x17d2</load_address>
         <run_address>0x17d2</run_address>
         <size>0x235</size>
         <input_file_ref idref="fl-7"/>
      </object_component>
      <object_component id="oc-663">
         <name>.debug_info</name>
         <load_address>0x1a07</load_address>
         <run_address>0x1a07</run_address>
         <size>0x17a</size>
         <input_file_ref idref="fl-7"/>
      </object_component>
      <object_component id="oc-65a">
         <name>.debug_info</name>
         <load_address>0x1b81</load_address>
         <run_address>0x1b81</run_address>
         <size>0x17c</size>
         <input_file_ref idref="fl-7"/>
      </object_component>
      <object_component id="oc-54b">
         <name>.debug_info</name>
         <load_address>0x1cfd</load_address>
         <run_address>0x1cfd</run_address>
         <size>0x18e</size>
         <input_file_ref idref="fl-7"/>
      </object_component>
      <object_component id="oc-589">
         <name>.debug_info</name>
         <load_address>0x1e8b</load_address>
         <run_address>0x1e8b</run_address>
         <size>0x122</size>
         <input_file_ref idref="fl-7"/>
      </object_component>
      <object_component id="oc-676">
         <name>.debug_info</name>
         <load_address>0x1fad</load_address>
         <run_address>0x1fad</run_address>
         <size>0x2c</size>
         <input_file_ref idref="fl-7"/>
      </object_component>
      <object_component id="oc-4f9">
         <name>.debug_info</name>
         <load_address>0x1fd9</load_address>
         <run_address>0x1fd9</run_address>
         <size>0x35</size>
         <input_file_ref idref="fl-7"/>
      </object_component>
      <object_component id="oc-567">
         <name>.debug_info</name>
         <load_address>0x200e</load_address>
         <run_address>0x200e</run_address>
         <size>0x271</size>
         <input_file_ref idref="fl-8"/>
      </object_component>
      <object_component id="oc-68b">
         <name>.debug_info</name>
         <load_address>0x227f</load_address>
         <run_address>0x227f</run_address>
         <size>0xfb</size>
         <input_file_ref idref="fl-8"/>
      </object_component>
      <object_component id="oc-55d">
         <name>.debug_info</name>
         <load_address>0x237a</load_address>
         <run_address>0x237a</run_address>
         <size>0x72b</size>
         <input_file_ref idref="fl-9"/>
      </object_component>
      <object_component id="oc-586">
         <name>.debug_info</name>
         <load_address>0x2aa5</load_address>
         <run_address>0x2aa5</run_address>
         <size>0x148</size>
         <input_file_ref idref="fl-9"/>
      </object_component>
      <object_component id="oc-559">
         <name>.debug_info</name>
         <load_address>0x2bed</load_address>
         <run_address>0x2bed</run_address>
         <size>0x195</size>
         <input_file_ref idref="fl-9"/>
      </object_component>
      <object_component id="oc-4d7">
         <name>.debug_info</name>
         <load_address>0x2d82</load_address>
         <run_address>0x2d82</run_address>
         <size>0x2e6</size>
         <input_file_ref idref="fl-9"/>
      </object_component>
      <object_component id="oc-757">
         <name>.debug_info</name>
         <load_address>0x3068</load_address>
         <run_address>0x3068</run_address>
         <size>0x592</size>
         <input_file_ref idref="fl-a"/>
      </object_component>
      <object_component id="oc-796">
         <name>.debug_info</name>
         <load_address>0x35fa</load_address>
         <run_address>0x35fa</run_address>
         <size>0xf3</size>
         <input_file_ref idref="fl-a"/>
      </object_component>
      <object_component id="oc-6d4">
         <name>.debug_info</name>
         <load_address>0x36ed</load_address>
         <run_address>0x36ed</run_address>
         <size>0x15d</size>
         <input_file_ref idref="fl-a"/>
      </object_component>
      <object_component id="oc-6bc">
         <name>.debug_info</name>
         <load_address>0x384a</load_address>
         <run_address>0x384a</run_address>
         <size>0x16b</size>
         <input_file_ref idref="fl-a"/>
      </object_component>
      <object_component id="oc-6c2">
         <name>.debug_info</name>
         <load_address>0x39b5</load_address>
         <run_address>0x39b5</run_address>
         <size>0x16a</size>
         <input_file_ref idref="fl-a"/>
      </object_component>
      <object_component id="oc-6c7">
         <name>.debug_info</name>
         <load_address>0x3b1f</load_address>
         <run_address>0x3b1f</run_address>
         <size>0x15d</size>
         <input_file_ref idref="fl-a"/>
      </object_component>
      <object_component id="oc-6ae">
         <name>.debug_info</name>
         <load_address>0x3c7c</load_address>
         <run_address>0x3c7c</run_address>
         <size>0x16f</size>
         <input_file_ref idref="fl-a"/>
      </object_component>
      <object_component id="oc-6a8">
         <name>.debug_info</name>
         <load_address>0x3deb</load_address>
         <run_address>0x3deb</run_address>
         <size>0x16e</size>
         <input_file_ref idref="fl-a"/>
      </object_component>
      <object_component id="oc-6a3">
         <name>.debug_info</name>
         <load_address>0x3f59</load_address>
         <run_address>0x3f59</run_address>
         <size>0x17f</size>
         <input_file_ref idref="fl-a"/>
      </object_component>
      <object_component id="oc-6b5">
         <name>.debug_info</name>
         <load_address>0x40d8</load_address>
         <run_address>0x40d8</run_address>
         <size>0x50b</size>
         <input_file_ref idref="fl-a"/>
      </object_component>
      <object_component id="oc-6cd">
         <name>.debug_info</name>
         <load_address>0x45e3</load_address>
         <run_address>0x45e3</run_address>
         <size>0x39c</size>
         <input_file_ref idref="fl-a"/>
      </object_component>
      <object_component id="oc-590">
         <name>.debug_info</name>
         <load_address>0x497f</load_address>
         <run_address>0x497f</run_address>
         <size>0x39c</size>
         <input_file_ref idref="fl-a"/>
      </object_component>
      <object_component id="oc-569">
         <name>.debug_info</name>
         <load_address>0x4d1b</load_address>
         <run_address>0x4d1b</run_address>
         <size>0x50b</size>
         <input_file_ref idref="fl-b"/>
      </object_component>
      <object_component id="oc-5fe">
         <name>.debug_info</name>
         <load_address>0x5226</load_address>
         <run_address>0x5226</run_address>
         <size>0x108</size>
         <input_file_ref idref="fl-b"/>
      </object_component>
      <object_component id="oc-5fa">
         <name>.debug_info</name>
         <load_address>0x532e</load_address>
         <run_address>0x532e</run_address>
         <size>0x107</size>
         <input_file_ref idref="fl-b"/>
      </object_component>
      <object_component id="oc-5f3">
         <name>.debug_info</name>
         <load_address>0x5435</load_address>
         <run_address>0x5435</run_address>
         <size>0x107</size>
         <input_file_ref idref="fl-b"/>
      </object_component>
      <object_component id="oc-5ee">
         <name>.debug_info</name>
         <load_address>0x553c</load_address>
         <run_address>0x553c</run_address>
         <size>0x12d</size>
         <input_file_ref idref="fl-b"/>
      </object_component>
      <object_component id="oc-5e5">
         <name>.debug_info</name>
         <load_address>0x5669</load_address>
         <run_address>0x5669</run_address>
         <size>0x107</size>
         <input_file_ref idref="fl-b"/>
      </object_component>
      <object_component id="oc-5dd">
         <name>.debug_info</name>
         <load_address>0x5770</load_address>
         <run_address>0x5770</run_address>
         <size>0x107</size>
         <input_file_ref idref="fl-b"/>
      </object_component>
      <object_component id="oc-509">
         <name>.debug_info</name>
         <load_address>0x5877</load_address>
         <run_address>0x5877</run_address>
         <size>0x175</size>
         <input_file_ref idref="fl-b"/>
      </object_component>
      <object_component id="oc-711">
         <name>.debug_info</name>
         <load_address>0x59ec</load_address>
         <run_address>0x59ec</run_address>
         <size>0x13f</size>
         <input_file_ref idref="fl-c"/>
      </object_component>
      <object_component id="oc-5e8">
         <name>.debug_info</name>
         <load_address>0x5b2b</load_address>
         <run_address>0x5b2b</run_address>
         <size>0x249</size>
         <input_file_ref idref="fl-c"/>
      </object_component>
      <object_component id="oc-4c2">
         <name>.debug_info</name>
         <load_address>0x5d74</load_address>
         <run_address>0x5d74</run_address>
         <size>0x118</size>
         <input_file_ref idref="fl-c"/>
      </object_component>
      <object_component id="oc-60d">
         <name>.debug_info</name>
         <load_address>0x5e8c</load_address>
         <run_address>0x5e8c</run_address>
         <size>0x114</size>
         <input_file_ref idref="fl-d"/>
      </object_component>
      <object_component id="oc-4ac">
         <name>.debug_info</name>
         <load_address>0x5fa0</load_address>
         <run_address>0x5fa0</run_address>
         <size>0x55f</size>
         <input_file_ref idref="fl-e"/>
      </object_component>
      <object_component id="oc-4a9">
         <name>.debug_info</name>
         <load_address>0x64ff</load_address>
         <run_address>0x64ff</run_address>
         <size>0x17c</size>
         <input_file_ref idref="fl-e"/>
      </object_component>
      <object_component id="oc-45e">
         <name>.debug_info</name>
         <load_address>0x667b</load_address>
         <run_address>0x667b</run_address>
         <size>0x124</size>
         <input_file_ref idref="fl-e"/>
      </object_component>
      <object_component id="oc-458">
         <name>.debug_info</name>
         <load_address>0x679f</load_address>
         <run_address>0x679f</run_address>
         <size>0x10d</size>
         <input_file_ref idref="fl-e"/>
      </object_component>
      <object_component id="oc-614">
         <name>.debug_info</name>
         <load_address>0x68ac</load_address>
         <run_address>0x68ac</run_address>
         <size>0x10c</size>
         <input_file_ref idref="fl-e"/>
      </object_component>
      <object_component id="oc-61b">
         <name>.debug_info</name>
         <load_address>0x69b8</load_address>
         <run_address>0x69b8</run_address>
         <size>0x10c</size>
         <input_file_ref idref="fl-e"/>
      </object_component>
      <object_component id="oc-51c">
         <name>.debug_info</name>
         <load_address>0x6ac4</load_address>
         <run_address>0x6ac4</run_address>
         <size>0x130</size>
         <input_file_ref idref="fl-e"/>
      </object_component>
      <object_component id="oc-443">
         <name>.debug_info</name>
         <load_address>0x6bf4</load_address>
         <run_address>0x6bf4</run_address>
         <size>0x101</size>
         <input_file_ref idref="fl-e"/>
      </object_component>
      <object_component id="oc-4b3">
         <name>.debug_info</name>
         <load_address>0x6cf5</load_address>
         <run_address>0x6cf5</run_address>
         <size>0x3af</size>
         <input_file_ref idref="fl-f"/>
      </object_component>
      <object_component id="oc-551">
         <name>.debug_info</name>
         <load_address>0x70a4</load_address>
         <run_address>0x70a4</run_address>
         <size>0x116</size>
         <input_file_ref idref="fl-f"/>
      </object_component>
      <object_component id="oc-44b">
         <name>.debug_info</name>
         <load_address>0x71ba</load_address>
         <run_address>0x71ba</run_address>
         <size>0x120</size>
         <input_file_ref idref="fl-f"/>
      </object_component>
      <object_component id="oc-452">
         <name>.debug_info</name>
         <load_address>0x72da</load_address>
         <run_address>0x72da</run_address>
         <size>0x124</size>
         <input_file_ref idref="fl-f"/>
      </object_component>
      <object_component id="oc-52e">
         <name>.debug_info</name>
         <load_address>0x73fe</load_address>
         <run_address>0x73fe</run_address>
         <size>0x11f</size>
         <input_file_ref idref="fl-f"/>
      </object_component>
      <object_component id="oc-533">
         <name>.debug_info</name>
         <load_address>0x751d</load_address>
         <run_address>0x751d</run_address>
         <size>0x117</size>
         <input_file_ref idref="fl-f"/>
      </object_component>
      <object_component id="oc-56d">
         <name>.debug_info</name>
         <load_address>0x7634</load_address>
         <run_address>0x7634</run_address>
         <size>0x102</size>
         <input_file_ref idref="fl-10"/>
      </object_component>
      <object_component id="oc-761">
         <name>.debug_info</name>
         <load_address>0x7736</load_address>
         <run_address>0x7736</run_address>
         <size>0x112</size>
         <input_file_ref idref="fl-10"/>
      </object_component>
      <object_component id="oc-75a">
         <name>.debug_info</name>
         <load_address>0x7848</load_address>
         <run_address>0x7848</run_address>
         <size>0x110</size>
         <input_file_ref idref="fl-10"/>
      </object_component>
      <object_component id="oc-573">
         <name>.debug_info</name>
         <load_address>0x7958</load_address>
         <run_address>0x7958</run_address>
         <size>0x13e</size>
         <input_file_ref idref="fl-10"/>
      </object_component>
      <object_component id="oc-804">
         <name>.debug_info</name>
         <load_address>0x7a96</load_address>
         <run_address>0x7a96</run_address>
         <size>0x10c</size>
         <input_file_ref idref="fl-10"/>
      </object_component>
      <object_component id="oc-7a1">
         <name>.debug_info</name>
         <load_address>0x7ba2</load_address>
         <run_address>0x7ba2</run_address>
         <size>0x104</size>
         <input_file_ref idref="fl-10"/>
      </object_component>
      <object_component id="oc-7a6">
         <name>.debug_info</name>
         <load_address>0x7ca6</load_address>
         <run_address>0x7ca6</run_address>
         <size>0x114</size>
         <input_file_ref idref="fl-10"/>
      </object_component>
      <object_component id="oc-786">
         <name>.debug_info</name>
         <load_address>0x7dba</load_address>
         <run_address>0x7dba</run_address>
         <size>0x10c</size>
         <input_file_ref idref="fl-10"/>
      </object_component>
      <object_component id="oc-780">
         <name>.debug_info</name>
         <load_address>0x7ec6</load_address>
         <run_address>0x7ec6</run_address>
         <size>0x10a</size>
         <input_file_ref idref="fl-10"/>
      </object_component>
      <object_component id="oc-77c">
         <name>.debug_info</name>
         <load_address>0x7fd0</load_address>
         <run_address>0x7fd0</run_address>
         <size>0x131</size>
         <input_file_ref idref="fl-10"/>
      </object_component>
      <object_component id="oc-7ab">
         <name>.debug_info</name>
         <load_address>0x8101</load_address>
         <run_address>0x8101</run_address>
         <size>0x102</size>
         <input_file_ref idref="fl-10"/>
      </object_component>
      <object_component id="oc-79b">
         <name>.debug_info</name>
         <load_address>0x8203</load_address>
         <run_address>0x8203</run_address>
         <size>0x112</size>
         <input_file_ref idref="fl-10"/>
      </object_component>
      <object_component id="oc-80c">
         <name>.debug_info</name>
         <load_address>0x8315</load_address>
         <run_address>0x8315</run_address>
         <size>0x10a</size>
         <input_file_ref idref="fl-10"/>
      </object_component>
      <object_component id="oc-7b3">
         <name>.debug_info</name>
         <load_address>0x841f</load_address>
         <run_address>0x841f</run_address>
         <size>0x112</size>
         <input_file_ref idref="fl-10"/>
      </object_component>
      <object_component id="oc-769">
         <name>.debug_info</name>
         <load_address>0x8531</load_address>
         <run_address>0x8531</run_address>
         <size>0x112</size>
         <input_file_ref idref="fl-10"/>
      </object_component>
      <object_component id="oc-791">
         <name>.debug_info</name>
         <load_address>0x8643</load_address>
         <run_address>0x8643</run_address>
         <size>0x131</size>
         <input_file_ref idref="fl-10"/>
      </object_component>
      <object_component id="oc-4be">
         <name>.debug_info</name>
         <load_address>0x8774</load_address>
         <run_address>0x8774</run_address>
         <size>0x536</size>
         <input_file_ref idref="fl-11"/>
      </object_component>
      <object_component id="oc-626">
         <name>.debug_info</name>
         <load_address>0x8caa</load_address>
         <run_address>0x8caa</run_address>
         <size>0x12e</size>
         <input_file_ref idref="fl-11"/>
      </object_component>
      <object_component id="oc-633">
         <name>.debug_info</name>
         <load_address>0x8dd8</load_address>
         <run_address>0x8dd8</run_address>
         <size>0x132</size>
         <input_file_ref idref="fl-11"/>
      </object_component>
      <object_component id="oc-62d">
         <name>.debug_info</name>
         <load_address>0x8f0a</load_address>
         <run_address>0x8f0a</run_address>
         <size>0x138</size>
         <input_file_ref idref="fl-11"/>
      </object_component>
      <object_component id="oc-720">
         <name>.debug_info</name>
         <load_address>0x9042</load_address>
         <run_address>0x9042</run_address>
         <size>0x13c</size>
         <input_file_ref idref="fl-11"/>
      </object_component>
      <object_component id="oc-725">
         <name>.debug_info</name>
         <load_address>0x917e</load_address>
         <run_address>0x917e</run_address>
         <size>0x14f</size>
         <input_file_ref idref="fl-11"/>
      </object_component>
      <object_component id="oc-748">
         <name>.debug_info</name>
         <load_address>0x92cd</load_address>
         <run_address>0x92cd</run_address>
         <size>0x1b6</size>
         <input_file_ref idref="fl-11"/>
      </object_component>
      <object_component id="oc-638">
         <name>.debug_info</name>
         <load_address>0x9483</load_address>
         <run_address>0x9483</run_address>
         <size>0x1cf</size>
         <input_file_ref idref="fl-11"/>
      </object_component>
      <object_component id="oc-654">
         <name>.debug_info</name>
         <load_address>0x9652</load_address>
         <run_address>0x9652</run_address>
         <size>0x1a9</size>
         <input_file_ref idref="fl-11"/>
      </object_component>
      <object_component id="oc-68f">
         <name>.debug_info</name>
         <load_address>0x97fb</load_address>
         <run_address>0x97fb</run_address>
         <size>0x155</size>
         <input_file_ref idref="fl-11"/>
      </object_component>
      <object_component id="oc-696">
         <name>.debug_info</name>
         <load_address>0x9950</load_address>
         <run_address>0x9950</run_address>
         <size>0x155</size>
         <input_file_ref idref="fl-11"/>
      </object_component>
      <object_component id="oc-621">
         <name>.debug_info</name>
         <load_address>0x9aa5</load_address>
         <run_address>0x9aa5</run_address>
         <size>0x12b</size>
         <input_file_ref idref="fl-11"/>
      </object_component>
      <object_component id="oc-72c">
         <name>.debug_info</name>
         <load_address>0x9bd0</load_address>
         <run_address>0x9bd0</run_address>
         <size>0x146</size>
         <input_file_ref idref="fl-11"/>
      </object_component>
      <object_component id="oc-732">
         <name>.debug_info</name>
         <load_address>0x9d16</load_address>
         <run_address>0x9d16</run_address>
         <size>0x146</size>
         <input_file_ref idref="fl-11"/>
      </object_component>
      <object_component id="oc-738">
         <name>.debug_info</name>
         <load_address>0x9e5c</load_address>
         <run_address>0x9e5c</run_address>
         <size>0x146</size>
         <input_file_ref idref="fl-11"/>
      </object_component>
      <object_component id="oc-73e">
         <name>.debug_info</name>
         <load_address>0x9fa2</load_address>
         <run_address>0x9fa2</run_address>
         <size>0x146</size>
         <input_file_ref idref="fl-11"/>
      </object_component>
      <object_component id="oc-63e">
         <name>.debug_info</name>
         <load_address>0xa0e8</load_address>
         <run_address>0xa0e8</run_address>
         <size>0x191</size>
         <input_file_ref idref="fl-11"/>
      </object_component>
      <object_component id="oc-644">
         <name>.debug_info</name>
         <load_address>0xa279</load_address>
         <run_address>0xa279</run_address>
         <size>0x14d</size>
         <input_file_ref idref="fl-11"/>
      </object_component>
      <object_component id="oc-51f">
         <name>.debug_info</name>
         <load_address>0xa3c6</load_address>
         <run_address>0xa3c6</run_address>
         <size>0x249</size>
         <input_file_ref idref="fl-11"/>
      </object_component>
      <object_component id="oc-545">
         <name>.debug_info</name>
         <load_address>0xa60f</load_address>
         <run_address>0xa60f</run_address>
         <size>0x1ee</size>
         <input_file_ref idref="fl-11"/>
      </object_component>
      <object_component id="oc-4b8">
         <name>.debug_info</name>
         <load_address>0xa7fd</load_address>
         <run_address>0xa7fd</run_address>
         <size>0x247</size>
         <input_file_ref idref="fl-12"/>
      </object_component>
      <object_component id="oc-43e">
         <name>.debug_info</name>
         <load_address>0xaa44</load_address>
         <run_address>0xaa44</run_address>
         <size>0x115</size>
         <input_file_ref idref="fl-12"/>
      </object_component>
      <object_component id="oc-538">
         <name>.debug_info</name>
         <load_address>0xab59</load_address>
         <run_address>0xab59</run_address>
         <size>0x114</size>
         <input_file_ref idref="fl-12"/>
      </object_component>
      <object_component id="oc-67">
[...]
      </symbol>
      <symbol id="sm-597">
         <name>black_line_detection</name>
         <value>0x8402</value>
         <object_component_ref idref="oc-6cb"/>
      </symbol>
      <symbol id="sm-598">
         <name>cmd_parsing</name>
         <value>0x85c4</value>
         <object_component_ref idref="oc-58e"/>
      </symbol>
      <symbol id="sm-5d1">
         <name>Init_Ports_4</name>
         <value>0x8e14</value>
         <object_component_ref idref="oc-5f0"/>
      </symbol>
      <symbol id="sm-5d2">
         <name>Init_Ports_5</name>
         <value>0x917a</value>
         <object_component_ref idref="oc-5f6"/>
      </symbol>
      <symbol id="sm-5d3">
         <name>Init_Ports_6</name>
         <value>0x8d98</value>
         <object_component_ref idref="oc-5fc"/>
      </symbol>
      <symbol id="sm-5d4">
         <name>Init_Ports_1</name>
         <value>0x90ac</value>
         <object_component_ref idref="oc-5db"/>
      </symbol>
      <symbol id="sm-5d5">
         <name>Init_Ports_2</name>
         <value>0x8c76</value>
         <object_component_ref idref="oc-5e1"/>
      </symbol>
      <symbol id="sm-5d6">
         <name>Init_Ports_3</name>
         <value>0x8bc6</value>
         <object_component_ref idref="oc-5ea"/>
      </symbol>
      <symbol id="sm-5d7">
         <name>Init_Ports</name>
         <value>0x965e</value>
         <object_component_ref idref="oc-506"/>
      </symbol>
      <symbol id="sm-5e8">
         <name>Switches_Process</name>
         <value>0x99bc</value>
         <object_component_ref idref="oc-4c0"/>
      </symbol>
      <symbol id="sm-5e9">
         <name>sw2_position</name>
         <value>0x207d</value>
         <object_component_ref idref="oc-5e7"/>
      </symbol>
      <symbol id="sm-5ea">
         <name>shape_selection</name>
         <value>0x2084</value>
         <object_component_ref idref="oc-5e7"/>
      </symbol>
      <symbol id="sm-5eb">
         <name>sw1_position</name>
         <value>0x207c</value>
         <object_component_ref idref="oc-5e7"/>
      </symbol>
      <symbol id="sm-5ec">
         <name>count_debounce_SW2</name>
         <value>0x2082</value>
         <object_component_ref idref="oc-5e7"/>
      </symbol>
      <symbol id="sm-5ed">
         <name>count_debounce_SW1</name>
         <value>0x2080</value>
         <object_component_ref idref="oc-5e7"/>
      </symbol>
      <symbol id="sm-5ee">
         <name>p3_smclk_mode</name>
         <value>0x2086</value>
         <object_component_ref idref="oc-5e7"/>
      </symbol>
      <symbol id="sm-5ef">
         <name>okay_to_look_at_switch1</name>
         <value>0x207e</value>
         <object_component_ref idref="oc-5e7"/>
      </symbol>
      <symbol id="sm-5f0">
         <name>okay_to_look_at_switch2</name>
         <value>0x207f</value>
         <object_component_ref idref="oc-5e7"/>
      </symbol>
      <symbol id="sm-5f9">
         <name>enable_interrupts</name>
         <value>0x999e</value>
         <object_component_ref idref="oc-60b"/>
      </symbol>
      <symbol id="sm-63b">
         <name>one_time</name>
         <value>0x2079</value>
      </symbol>
      <symbol id="sm-63c">
         <name>ADC_Left_Detect</name>
         <value>0x2064</value>
      </symbol>
      <symbol id="sm-63d">
         <name>ADC_Right_Detect</name>
         <value>0x2066</value>
      </symbol>
      <symbol id="sm-63e">
         <name>ADC_Thumb_Wheel</name>
         <value>0x2068</value>
      </symbol>
      <symbol id="sm-63f">
         <name>elapsed_time_ticks</name>
         <value>0x206e</value>
      </symbol>
      <symbol id="sm-640">
         <name>ping_timer_ticks</name>
         <value>0x2070</value>
      </symbol>
      <symbol id="sm-641">
         <name>ADC_Channel</name>
         <value>0x208c</value>
         <object_component_ref idref="oc-4a8"/>
      </symbol>
      <symbol id="sm-642">
         <name>Time_Sequence</name>
         <value>0x2088</value>
         <object_component_ref idref="oc-4a8"/>
      </symbol>
      <symbol id="sm-643">
         <name>ADC_ISR</name>
         <value>0x99c0</value>
         <object_component_ref idref="oc-442"/>
      </symbol>
      <symbol id="sm-644">
         <name>Time_Counter</name>
         <value>0x208a</value>
         <object_component_ref idref="oc-4a8"/>
      </symbol>
      <symbol id="sm-645">
         <name>Init_Timers</name>
         <value>0x996c</value>
         <object_component_ref idref="oc-518"/>
      </symbol>
      <symbol id="sm-646">
         <name>__TI_int29</name>
         <value>0xffdc</value>
         <object_component_ref idref="oc-79"/>
      </symbol>
      <symbol id="sm-647">
         <name>__TI_int42</name>
         <value>0xfff6</value>
         <object_component_ref idref="oc-86"/>
      </symbol>
      <symbol id="sm-648">
         <name>__TI_int43</name>
         <value>0xfff8</value>
         <object_component_ref idref="oc-87"/>
      </symbol>
      <symbol id="sm-649">
         <name>Timer0_B0_ISR</name>
         <value>0x9ace</value>
         <object_component_ref idref="oc-45a"/>
      </symbol>
      <symbol id="sm-64a">
         <name>Init_Timer_B3</name>
         <value>0x9326</value>
         <object_component_ref idref="oc-618"/>
      </symbol>
      <symbol id="sm-64b">
         <name>Init_Timer_B0</name>
         <value>0x956a</value>
         <object_component_ref idref="oc-612"/>
      </symbol>
      <symbol id="sm-64c">
         <name>overflow_counter</name>
         <value>0x208e</value>
         <object_component_ref idref="oc-4a8"/>
      </symbol>
      <symbol id="sm-64d">
         <name>counts</name>
         <value>0x2090</value>
         <object_component_ref idref="oc-4a8"/>
      </symbol>
      <symbol id="sm-64e">
         <name>TIMER0_B1_ISR</name>
         <value>0x9a34</value>
         <object_component_ref idref="oc-454"/>
      </symbol>
      <symbol id="sm-67f">
         <name>iot_rx_buffer</name>
         <value>0x202c</value>
      </symbol>
      <symbol id="sm-680">
         <name>iot_tx_buffer</name>
         <value>0x2038</value>
      </symbol>
      <symbol id="sm-681">
         <name>iot_rx_rd</name>
         <value>0x2077</value>
      </symbol>
      <symbol id="sm-682">
         <name>iot_rx_wr</name>
         <value>0x2078</value>
      </symbol>
      <symbol id="sm-683">
         <name>eUSCI_A1_ISR</name>
         <value>0x9b20</value>
         <object_component_ref idref="oc-448"/>
      </symbol>
      <symbol id="sm-684">
         <name>__TI_int32</name>
         <value>0xffe2</value>
         <object_component_ref idref="oc-7c"/>
      </symbol>
      <symbol id="sm-685">
         <name>__TI_int33</name>
         <value>0xffe4</value>
         <object_component_ref idref="oc-7d"/>
      </symbol>
      <symbol id="sm-686">
         <name>uart0_puts</name>
         <value>0x987a</value>
         <object_component_ref idref="oc-550"/>
      </symbol>
      <symbol id="sm-687">
         <name>Init_Serial_UCA1</name>
         <value>0x9372</value>
         <object_component_ref idref="oc-52a"/>
      </symbol>
      <symbol id="sm-688">
         <name>Init_Serial_UCA0</name>
         <value>0x8f6c</value>
         <object_component_ref idref="oc-530"/>
      </symbol>
      <symbol id="sm-689">
         <name>eUSCI_A0_ISR</name>
         <value>0x9a98</value>
         <object_component_ref idref="oc-44e"/>
      </symbol>
      <symbol id="sm-702">
         <name>Left_Forward_BLD</name>
         <value>0x9926</value>
         <object_component_ref idref="oc-798"/>
      </symbol>
      <symbol id="sm-703">
         <name>clockwiser_right</name>
         <value>0x9838</value>
         <object_component_ref idref="oc-760"/>
      </symbol>
      <symbol id="sm-704">
         <name>Forward_Move_BLD</name>
         <value>0x980c</value>
         <object_component_ref idref="oc-7b0"/>
      </symbol>
      <symbol id="sm-705">
         <name>Right_Forward_BLD</name>
         <value>0x994a</value>
         <object_component_ref idref="oc-7a4"/>
      </symbol>
      <symbol id="sm-706">
         <name>stop_all</name>
         <value>0x98de</value>
         <object_component_ref idref="oc-56c"/>
      </symbol>
      <symbol id="sm-707">
         <name>clockwiser_left</name>
         <value>0x9822</value>
         <object_component_ref idref="oc-759"/>
      </symbol>
      <symbol id="sm-708">
         <name>Right_Forward</name>
         <value>0x993e</value>
         <object_component_ref idref="oc-785"/>
      </symbol>
      <symbol id="sm-709">
         <name>Reverse_Move</name>
         <value>0x9980</value>
         <object_component_ref idref="oc-779"/>
      </symbol>
      <symbol id="sm-70a">
         <name>Left_Off</name>
         <value>0x9976</value>
         <object_component_ref idref="oc-7aa"/>
      </symbol>
      <symbol id="sm-70b">
         <name>Forward_Move_ARC</name>
         <value>0x97f6</value>
         <object_component_ref idref="oc-767"/>
      </symbol>
      <symbol id="sm-70c">
         <name>checking</name>
         <value>0x92d6</value>
         <object_component_ref idref="oc-572"/>
      </symbol>
      <symbol id="sm-70d">
         <name>Left_Reverse</name>
         <value>0x9932</value>
         <object_component_ref idref="oc-77f"/>
      </symbol>
      <symbol id="sm-70e">
         <name>Right_Off</name>
         <value>0x998a</value>
         <object_component_ref idref="oc-79e"/>
      </symbol>
      <symbol id="sm-70f">
         <name>Right_Reverse</name>
         <value>0x9956</value>
         <object_component_ref idref="oc-801"/>
      </symbol>
      <symbol id="sm-710">
         <name>Left_Forward</name>
         <value>0x991a</value>
         <object_component_ref idref="oc-80a"/>
      </symbol>
      <symbol id="sm-711">
         <name>Forward_Move</name>
         <value>0x9962</value>
         <object_component_ref idref="oc-78e"/>
      </symbol>
      <symbol id="sm-7ae">
         <name>current_character</name>
         <value>0x2074</value>
      </symbol>
      <symbol id="sm-7af">
         <name>update_display</name>
         <value>0x207a</value>
      </symbol>
      <symbol id="sm-7b0">
         <name>display_changed</name>
         <value>0x2075</value>
      </symbol>
      <symbol id="sm-7b1">
         <name>display_line</name>
         <value>0x2000</value>
      </symbol>
      <symbol id="sm-7b2">
         <name>display</name>
         <value>0x2058</value>
      </symbol>
      <symbol id="sm-7b3">
         <name>ClrDisplay_Buffer_2</name>
         <value>0x9798</value>
         <object_component_ref idref="oc-737"/>
      </symbol>
      <symbol id="sm-7b4">
         <name>ClrDisplay_Buffer_3</name>
         <value>0x97b0</value>
         <object_component_ref idref="oc-73d"/>
      </symbol>
      <symbol id="sm-7b5">
         <name>ClrDisplay_Buffer_0</name>
         <value>0x9768</value>
         <object_component_ref idref="oc-72b"/>
      </symbol>
      <symbol id="sm-7b6">
         <name>ClrDisplay_Buffer_1</name>
         <value>0x9780</value>
         <object_component_ref idref="oc-731"/>
      </symbol>
      <symbol id="sm-7b7">
         <name>spi_chipselect_idle</name>
         <value>0x9864</value>
         <object_component_ref idref="oc-62b"/>
      </symbol>
      <symbol id="sm-7b8">
         <name>WriteIns</name>
         <value>0x95ee</value>
         <object_component_ref idref="oc-637"/>
      </symbol>
      <symbol id="sm-7b9">
         <name>spi_reset_active</name>
         <value>0x99ac</value>
         <object_component_ref idref="oc-631"/>
      </symbol>
      <symbol id="sm-7ba">
         <name>WriteData</name>
         <value>0x95c6</value>
         <object_component_ref idref="oc-747"/>
      </symbol>
      <symbol id="sm-7bb">
         <name>lcd_BIG_bot</name>
         <value>0x969a</value>
         <object_component_ref idref="oc-695"/>
      </symbol>
      <symbol id="sm-7bc">
         <name>DisplayOnOff</name>
         <value>0x9900</value>
         <object_component_ref idref="oc-643"/>
      </symbol>
      <symbol id="sm-7bd">
         <name>spi_chipselect_active</name>
         <value>0x98cc</value>
         <object_component_ref idref="oc-71e"/>
      </symbol>
      <symbol id="sm-7be">
         <name>lcd_out</name>
         <value>0x974c</value>
         <object_component_ref idref="oc-652"/>
      </symbol>
      <symbol id="sm-7bf">
         <name>Display_Update</name>
         <value>0x93bc</value>
         <object_component_ref idref="oc-544"/>
      </symbol>
      <symbol id="sm-7c0">
         <name>Init_LCD</name>
         <value>0x898e</value>
         <object_component_ref idref="oc-51e"/>
      </symbol>
      <symbol id="sm-7c1">
         <name>SPI_B1_write</name>
         <value>0x9730</value>
         <object_component_ref idref="oc-724"/>
      </symbol>
      <symbol id="sm-7c2">
         <name>Init_SPI_B1</name>
         <value>0x9400</value>
         <object_component_ref idref="oc-61f"/>
      </symbol>
      <symbol id="sm-7c3">
         <name>spi_reset_idle</name>
         <value>0x99b2</value>
         <object_component_ref idref="oc-625"/>
      </symbol>
      <symbol id="sm-7c4">
         <name>ClrDisplay</name>
         <value>0x97e0</value>
         <object_component_ref idref="oc-63d"/>
      </symbol>
      <symbol id="sm-7c5">
         <name>lcd_BIG_mid</name>
         <value>0x96b8</value>
         <object_component_ref idref="oc-68e"/>
      </symbol>
      <symbol id="sm-7da">
         <name>DAC_data</name>
         <value>0x206a</value>
      </symbol>
      <symbol id="sm-7db">
         <name>__TI_int26</name>
         <value>0xffd6</value>
         <object_component_ref idref="oc-76"/>
      </symbol>
      <symbol id="sm-7dc">
         <name>Init_DAC</name>
         <value>0x9114</value>
         <object_component_ref idref="oc-536"/>
      </symbol>
      <symbol id="sm-7dd">
         <name>SAC3_ISR</name>
         <value>0x9b38</value>
         <object_component_ref idref="oc-43c"/>
      </symbol>
      <symbol id="sm-7fe">
         <name>__TI_decompress_lzss</name>
         <value>0x88a0</value>
         <object_component_ref idref="oc-66"/>
      </symbol>
      <symbol id="sm-80f">
         <name>__TI_decompress_none</name>
         <value>0x94fa</value>
         <object_component_ref idref="oc-6c"/>
      </symbol>
      <symbol id="sm-812">
         <name>__TI_int22</name>
         <value>0xffce</value>
         <object_component_ref idref="oc-72"/>
      </symbol>
      <symbol id="sm-81a">
         <name>__TI_ISR_TRAP</name>
         <value>0x9b42</value>
         <object_component_ref idref="oc-437"/>
      </symbol>
      <symbol id="sm-81d">
         <name>__TI_int23</name>
         <value>0xffd0</value>
         <object_component_ref idref="oc-73"/>
      </symbol>
      <symbol id="sm-820">
         <name>__TI_int24</name>
         <value>0xffd2</value>
         <object_component_ref idref="oc-74"/>
      </symbol>
      <symbol id="sm-823">
         <name>__TI_int25</name>
         <value>0xffd4</value>
         <object_component_ref idref="oc-75"/>
      </symbol>
      <symbol id="sm-826">
         <name>__TI_int27</name>
         <value>0xffd8</value>
         <object_component_ref idref="oc-77"/>
      </symbol>
      <symbol id="sm-829">
         <name>__TI_int28</name>
         <value>0xffda</value>
         <object_component_ref idref="oc-78"/>
      </symbol>
      <symbol id="sm-82c">
         <name>__TI_int30</name>
         <value>0xffde</value>
         <object_component_ref idref="oc-7a"/>
      </symbol>
      <symbol id="sm-82f">
         <name>__TI_int31</name>
         <value>0xffe0</value>
         <object_component_ref idref="oc-7b"/>
      </symbol>
      <symbol id="sm-832">
         <name>__TI_int34</name>
         <value>0xffe6</value>
         <object_component_ref idref="oc-7e"/>
      </symbol>
      <symbol id="sm-835">
         <name>__TI_int35</name>
         <value>0xffe8</value>
         <object_component_ref idref="oc-7f"/>
      </symbol>
      <symbol id="sm-838">
         <name>__TI_int36</name>
         <value>0xffea</value>
         <object_component_ref idref="oc-80"/>
      </symbol>
      <symbol id="sm-83b">
         <name>__TI_int37</name>
         <value>0xffec</value>
         <object_component_ref idref="oc-81"/>
      </symbol>
      <symbol id="sm-83e">
         <name>__TI_int38</name>
         <value>0xffee</value>
         <object_component_ref idref="oc-82"/>
      </symbol>
      <symbol id="sm-841">
         <name>__TI_int39</name>
         <value>0xfff0</value>
         <object_component_ref idref="oc-83"/>
      </symbol>
      <symbol id="sm-844">
         <name>__TI_int40</name>
         <value>0xfff2</value>
         <object_component_ref idref="oc-84"/>
      </symbol>
      <symbol id="sm-847">
         <name>__TI_int41</name>
         <value>0xfff4</value>
         <object_component_ref idref="oc-85"/>
      </symbol>
      <symbol id="sm-84a">
         <name>__TI_int44</name>
         <value>0xfffa</value>
         <object_component_ref idref="oc-88"/>
      </symbol>
      <symbol id="sm-84d">
         <name>__TI_int45</name>
         <value>0xfffc</value>
         <object_component_ref idref="oc-89"/>
      </symbol>
      <symbol id="sm-85d">
         <name>__TI_zero_init_nomemset</name>
         <value>0x9480</value>
         <object_component_ref idref="oc-460"/>
      </symbol>
      <symbol id="sm-868">
         <name>__memcpy_far</name>
         <value>0x9440</value>
         <object_component_ref idref="oc-42b"/>
      </symbol>
      <symbol id="sm-872">
         <name>__mspabi_remu</name>
         <value>0x984e</value>
         <object_component_ref idref="oc-66e"/>
      </symbol>
      <symbol id="sm-873">
         <name>__mspabi_divu</name>
         <value>0x984e</value>
         <object_component_ref idref="oc-66e"/>
      </symbol>
      <symbol id="sm-87c">
         <name>__mspabi_mpyi_f5hw</name>
         <value>0x97c8</value>
         <object_component_ref idref="oc-7d9"/>
      </symbol>
      <symbol id="sm-890">
         <name>_c_int00_noargs_mpu</name>
         <value>0x9b00</value>
         <object_component_ref idref="oc-48a"/>
      </symbol>
      <symbol id="sm-891">
         <name>_stack</name>
         <value>0x2f60</value>
         <object_component_ref idref="oc-41c"/>
      </symbol>
      <symbol id="sm-892">
         <name>_reset_vector</name>
         <value>0xfffe</value>
         <object_component_ref idref="oc-41f"/>
      </symbol>
      <symbol id="sm-8a0">
         <name>__mpu_init</name>
         <value>0x94be</value>
         <object_component_ref idref="oc-4e6"/>
      </symbol>
      <symbol id="sm-8c3">
         <name>__TI_auto_init_nobinit_nopinit_hold_wdt</name>
         <value>0x8fda</value>
         <object_component_ref idref="oc-5b9"/>
      </symbol>
      <symbol id="sm-8cc">
         <name>_system_post_cinit</name>
         <value>0x99be</value>
         <object_component_ref idref="oc-6ea"/>
      </symbol>
      <symbol id="sm-8d5">
         <name>_system_pre_init</name>
         <value>0x99b8</value>
         <object_component_ref idref="oc-4ce"/>
      </symbol>
      <symbol id="sm-8e0">
         <name>C$$EXIT</name>
         <value>0x99a6</value>
         <object_component_ref idref="oc-595"/>
      </symbol>
      <symbol id="sm-8e1">
         <name>abort</name>
         <value>0x99a6</value>
         <object_component_ref idref="oc-595"/>
      </symbol>
      <symbol id="sm-8f2">
         <name>memset</name>
         <value>0x98b8</value>
         <object_component_ref idref="oc-668"/>
      </symbol>
      <symbol id="sm-8ff">
         <name>strcpy</name>
         <value>0x98f0</value>
         <object_component_ref idref="oc-53e"/>
      </symbol>
   </symbol_table>
   <title>Link successful</title>
</link_info>
